hp@LAPTOP-QG095PMA MINGW64 /g/New folder (main)
$ echo "# Phong2k2033" >> README.md

hp@LAPTOP-QG095PMA MINGW64 /g/New folder (main)
$ git init
Reinitialized existing Git repository in G:/New folder/.git/

hp@LAPTOP-QG095PMA MINGW64 /g/New folder (main)
$ git add README.md
warning: LF will be replaced by CRLF in README.md.
The file will have its original line endings in your working directory

hp@LAPTOP-QG095PMA MINGW64 /g/New folder (main)
$ git add README.md

hp@LAPTOP-QG095PMA MINGW64 /g/New folder (main)
$ git commit -m "first commit"
[main e8ca7f8] first commit
 1 file changed, 1 insertion(+)
 create mode 100644 README.md

hp@LAPTOP-QG095PMA MINGW64 /g/New folder (main)
$ git branch -M main

hp@LAPTOP-QG095PMA MINGW64 /g/New folder (main)
$ git remote add origin https://github.com/Phong2k2033/Phong2k2033.git
error: remote origin already exists.

hp@LAPTOP-QG095PMA MINGW64 /g/New folder (main)
$ git remote add git https://github.com/Phong2k2033/Phong2k2033.git

hp@LAPTOP-QG095PMA MINGW64 /g/New folder (main)
$ git push -u git main
Enumerating objects: 6, done.
Counting objects: 100% (6/6), done.
Delta compression using up to 4 threads
Compressing objects: 100% (3/3), done.
Writing objects: 100% (6/6), 462 bytes | 231.00 KiB/s, done.
Total 6 (delta 0), reused 0 (delta 0), pack-reused 0
To https://github.com/Phong2k2033/Phong2k2033.git
 * [new branch]      main -> main
branch 'main' set up to track 'git/main'.

hp@LAPTOP-QG095PMA MINGW64 /g/New folder (main)
$
